SOURCE_FILE@0..78
  RULE@0..77
    RULE_KW@0..4 "rule"
    WHITESPACE@4..5 " "
    IDENTIFIER@5..9 "test"
    WHITESPACE@9..10 "\n"
    BLOCK_EXPR@10..77
      L_BRACE@10..11 "{"
      WHITESPACE@11..13 "\n\t"
      STRINGS@13..58
        STRINGS_KW@13..20 "strings"
        COLON@20..21 ":"
        WHITESPACE@21..24 "\n\t\t"
        VARIABLE_STMT@24..58
          VARIABLE@24..26 "$a"
          WHITESPACE@26..27 " "
          ASSIGN@27..28 "="
          WHITESPACE@28..29 " "
          PATTERN@29..58
            REGEX_PATTERN@29..58
              SLASH@29..30 "/"
              REGEX_LIT@30..57 "http(s)?:\\/\\/example\\ ..."
              SLASH@57..58 "/"
      WHITESPACE@58..60 "\n\t"
      CONDITION@60..75
        CONDITION_KW@60..69 "condition"
        COLON@69..70 ":"
        WHITESPACE@70..73 "\n\t\t"
        EXPRESSION_STMT@73..75
          BOOLEAN_TERM@73..75
            VARIABLE@73..75 "$a"
      WHITESPACE@75..76 "\n"
      R_BRACE@76..77 "}"
  WHITESPACE@77..78 "\n"
