SOURCE_FILE@0..127
  RULE@0..126
    COMMENT@0..14 "//Rule comment"
    WHITESPACE@14..15 "\n"
    RULE_KW@15..19 "rule"
    WHITESPACE@19..20 " "
    IDENTIFIER@20..24 "test"
    WHITESPACE@24..25 "\n"
    BLOCK_EXPR@25..126
      L_BRACE@25..26 "{"
      WHITESPACE@26..28 "\n\t"
      STRINGS@28..71
        COMMENT@28..48 "//Rule block comment"
        WHITESPACE@48..50 "\n\t"
        STRINGS_KW@50..57 "strings"
        COLON@57..58 ":"
        WHITESPACE@58..61 "\n\t\t"
        VARIABLE_STMT@61..71
          VARIABLE@61..63 "$b"
          WHITESPACE@63..64 " "
          ASSIGN@64..65 "="
          WHITESPACE@65..66 " "
          PATTERN@66..71
            STRING_LIT@66..71 "\"bar\""
      WHITESPACE@71..73 "\n\t"
      CONDITION@73..124
        CONDITION_KW@73..82 "condition"
        COLON@82..83 ":"
        WHITESPACE@83..86 "\n\t\t"
        EXPRESSION_STMT@86..124
          BOOLEAN_EXPR@86..124
            BOOLEAN_TERM@86..88
              VARIABLE@86..88 "$b"
            WHITESPACE@88..89 " "
            AND_KW@89..92 "and"
            WHITESPACE@92..93 " "
            BOOLEAN_EXPR@93..124
              BOOLEAN_TERM@93..124
                PRIMARY_EXPR@93..124
                  REGEX_PATTERN@93..124
                    SLASH@93..94 "/"
                    REGEX_LIT@94..121 "http(s)?:\\/\\/example\\ ..."
                    SLASH@121..122 "/"
                    REGEX_MOD@122..123
                      CASE_INSENSITIVE@122..123 "i"
                    REGEX_MOD@123..124
                      DOT_MATCHES_ALL@123..124 "s"
      WHITESPACE@124..125 "\n"
      R_BRACE@125..126 "}"
  WHITESPACE@126..127 "\n"
