SOURCE_FILE@0..82
  RULE@0..82
    RULE_KW@0..4 "rule"
    WHITESPACE@4..5 " "
    IDENTIFIER@5..9 "test"
    WHITESPACE@9..10 " "
    BLOCK_EXPR@10..82
      L_BRACE@10..11 "{"
      WHITESPACE@11..13 "\n\t"
      STRINGS@13..34
        STRINGS_KW@13..20 "strings"
        COLON@20..21 ":"
        WHITESPACE@21..24 "\n\t\t"
        VARIABLE_STMT@24..34
          VARIABLE@24..26 "$a"
          WHITESPACE@26..27 " "
          ASSIGN@27..28 "="
          WHITESPACE@28..29 " "
          PATTERN@29..34
            STRING_LIT@29..34 "\"foo\""
      WHITESPACE@34..39 "\n    "
      CONDITION@39..80
        CONDITION_KW@39..48 "condition"
        COLON@48..49 ":"
        WHITESPACE@49..55 "\n    \t"
        EXPRESSION_STMT@55..80
          BOOLEAN_EXPR@55..80
            BOOLEAN_EXPR@55..68
              BOOLEAN_TERM@55..61
                INDEXING_EXPR@55..61
                  PRIMARY_EXPR@55..58
                    IDENTIFIER@55..58 "foo"
                  L_BRACKET@58..59 "["
                  PRIMARY_EXPR@59..60
                    INT_LIT@59..60 "0"
                  R_BRACKET@60..61 "]"
              WHITESPACE@61..62 " "
              AND_KW@62..65 "and"
              WHITESPACE@65..66 " "
              BOOLEAN_EXPR@66..68
                BOOLEAN_TERM@66..68
                  VARIABLE@66..68 "$a"
            WHITESPACE@68..69 " "
            OR_KW@69..71 "or"
            WHITESPACE@71..72 " "
            BOOLEAN_EXPR@72..80
              BOOLEAN_TERM@72..80
                L_PAREN@72..73 "("
                BOOLEAN_TERM@73..79
                  EXPRESSION@73..79
                    PRIMARY_EXPR@73..74
                      INT_LIT@73..74 "1"
                    WHITESPACE@74..75 " "
                    EQ@75..77 "=="
                    WHITESPACE@77..78 " "
                    PRIMARY_EXPR@78..79
                      INT_LIT@78..79 "1"
                R_PAREN@79..80 ")"
      WHITESPACE@80..81 "\n"
      R_BRACE@81..82 "}"
