SOURCE_FILE@0..135
  RULE@0..134
    COMMENT@0..14 "//Rule comment"
    WHITESPACE@14..15 "\n"
    RULE_KW@15..19 "rule"
    WHITESPACE@19..20 " "
    IDENTIFIER@20..24 "test"
    WHITESPACE@24..25 "\n"
    BLOCK_EXPR@25..134
      L_BRACE@25..26 "{"
      WHITESPACE@26..28 "\n\t"
      STRINGS@28..71
        COMMENT@28..48 "//Rule block comment"
        WHITESPACE@48..50 "\n\t"
        STRINGS_KW@50..57 "strings"
        COLON@57..58 ":"
        WHITESPACE@58..61 "\n\t\t"
        VARIABLE_STMT@61..71
          VARIABLE@61..63 "$b"
          WHITESPACE@63..64 " "
          ASSIGN@64..65 "="
          WHITESPACE@65..66 " "
          PATTERN@66..71
            STRING_LIT@66..71 "\"bar\""
      WHITESPACE@71..73 "\n\t"
      CONDITION@73..132
        CONDITION_KW@73..82 "condition"
        COLON@82..83 ":"
        WHITESPACE@83..86 "\n\t\t"
        EXPRESSION_STMT@86..132
          BOOLEAN_EXPR@86..132
            BOOLEAN_EXPR@86..109
              BOOLEAN_TERM@86..88
                VARIABLE@86..88 "$b"
              WHITESPACE@88..89 " "
              AND_KW@89..92 "and"
              WHITESPACE@92..93 " "
              BOOLEAN_EXPR@93..109
                BOOLEAN_TERM@93..109
                  EXPRESSION@93..109
                    PRIMARY_EXPR@93..101
                      FILESIZE_KW@93..101 "filesize"
                    WHITESPACE@101..102 " "
                    LT@102..103 "<"
                    WHITESPACE@103..104 " "
                    PRIMARY_EXPR@104..109
                      INT_LIT@104..109 "100KB"
            WHITESPACE@109..110 " "
            OR_KW@110..112 "or"
            WHITESPACE@112..113 " "
            BOOLEAN_EXPR@113..132
              BOOLEAN_TERM@113..132
                EXPRESSION@113..132
                  PRIMARY_EXPR@113..123
                    ENTRYPOINT_KW@113..123 "entrypoint"
                  WHITESPACE@123..124 " "
                  EQ@124..126 "=="
                  WHITESPACE@126..127 " "
                  PRIMARY_EXPR@127..132
                    INT_LIT@127..132 "0x400"
      WHITESPACE@132..133 "\n"
      R_BRACE@133..134 "}"
  WHITESPACE@134..135 "\n"
