SOURCE_FILE@0..124
  RULE@0..123
    COMMENT@0..14 "//Rule comment"
    WHITESPACE@14..15 "\n"
    RULE_KW@15..19 "rule"
    WHITESPACE@19..20 " "
    IDENTIFIER@20..24 "test"
    WHITESPACE@24..25 "\n"
    BLOCK_EXPR@25..123
      L_BRACE@25..26 "{"
      WHITESPACE@26..28 "\n\t"
      STRINGS@28..84
        COMMENT@28..48 "//Rule block comment"
        WHITESPACE@48..50 "\n\t"
        STRINGS_KW@50..57 "strings"
        COLON@57..58 ":"
        WHITESPACE@58..61 "\n\t\t"
        VARIABLE_STMT@61..71
          VARIABLE@61..63 "$a"
          WHITESPACE@63..64 " "
          ASSIGN@64..65 "="
          WHITESPACE@65..66 " "
          PATTERN@66..71
            STRING_LIT@66..71 "\"foo\""
        WHITESPACE@71..74 "\n\t\t"
        VARIABLE_STMT@74..84
          VARIABLE@74..76 "$b"
          WHITESPACE@76..77 " "
          ASSIGN@77..78 "="
          WHITESPACE@78..79 " "
          PATTERN@79..84
            STRING_LIT@79..84 "\"bar\""
      WHITESPACE@84..86 "\n\t"
      CONDITION@86..121
        CONDITION_KW@86..95 "condition"
        COLON@95..96 ":"
        WHITESPACE@96..99 "\n\t\t"
        EXPRESSION_STMT@99..121
          BOOLEAN_EXPR@99..121
            BOOLEAN_TERM@99..109
              L_PAREN@99..100 "("
              BOOLEAN_EXPR@100..108
                BOOLEAN_TERM@100..102
                  VARIABLE@100..102 "$a"
                WHITESPACE@102..103 " "
                OR_KW@103..105 "or"
                WHITESPACE@105..106 " "
                BOOLEAN_EXPR@106..108
                  BOOLEAN_TERM@106..108
                    VARIABLE@106..108 "$b"
              R_PAREN@108..109 ")"
            WHITESPACE@109..110 " "
            AND_KW@110..113 "and"
            WHITESPACE@113..114 " "
            BOOLEAN_EXPR@114..121
              BOOLEAN_TERM@114..121
                PRIMARY_EXPR@114..121
                  L_PAREN@114..115 "("
                  EXPR_BODY@115..120
                    PRIMARY_EXPR@115..116
                      INT_LIT@115..116 "9"
                    WHITESPACE@116..117 " "
                    PLUS@117..118 "+"
                    WHITESPACE@118..119 " "
                    PRIMARY_EXPR@119..120
                      INT_LIT@119..120 "9"
                  R_PAREN@120..121 ")"
      WHITESPACE@121..122 "\n"
      R_BRACE@122..123 "}"
  WHITESPACE@123..124 "\n"
