SOURCE_FILE@0..122
  RULE@0..121
    COMMENT@0..14 "//Rule comment"
    WHITESPACE@14..15 "\n"
    RULE_KW@15..19 "rule"
    WHITESPACE@19..20 " "
    IDENTIFIER@20..24 "test"
    WHITESPACE@24..25 "\n"
    BLOCK_EXPR@25..121
      L_BRACE@25..26 "{"
      WHITESPACE@26..28 "\n\t"
      STRINGS@28..84
        COMMENT@28..48 "//Rule block comment"
        WHITESPACE@48..50 "\n\t"
        STRINGS_KW@50..57 "strings"
        COLON@57..58 ":"
        WHITESPACE@58..61 "\n\t\t"
        VARIABLE_STMT@61..71
          VARIABLE@61..63 "$a"
          WHITESPACE@63..64 " "
          ASSIGN@64..65 "="
          WHITESPACE@65..66 " "
          PATTERN@66..71
            STRING_LIT@66..71 "\"foo\""
        WHITESPACE@71..74 "\n\t\t"
        VARIABLE_STMT@74..84
          VARIABLE@74..76 "$b"
          WHITESPACE@76..77 " "
          ASSIGN@77..78 "="
          WHITESPACE@78..79 " "
          PATTERN@79..84
            STRING_LIT@79..84 "\"bar\""
      WHITESPACE@84..86 "\n\t"
      CONDITION@86..119
        CONDITION_KW@86..95 "condition"
        COLON@95..96 ":"
        WHITESPACE@96..99 "\n\t\t"
        BOOLEAN_EXPR@99..119
          BOOLEAN_TERM@99..101
            VARIABLE@99..101 "$a"
          WHITESPACE@101..102 " "
          OR_KW@102..104 "or"
          WHITESPACE@104..105 " "
          BOOLEAN_EXPR@105..119
            BOOLEAN_EXPR@105..119
              BOOLEAN_TERM@105..107
                VARIABLE@105..107 "$b"
              WHITESPACE@107..108 " "
              AND_KW@108..111 "and"
              WHITESPACE@111..112 " "
              BOOLEAN_EXPR@112..119
                BOOLEAN_TERM@112..119
                  PRIMARY_EXPR@112..119
                    L_PAREN@112..113 "("
                    EXPRESSION@113..118
                      PRIMARY_EXPR@113..114
                        INT_LIT@113..114 "9"
                      WHITESPACE@114..115 " "
                      PLUS@115..116 "+"
                      WHITESPACE@116..117 " "
                      PRIMARY_EXPR@117..118
                        INT_LIT@117..118 "9"
                    R_PAREN@118..119 ")"
      WHITESPACE@119..120 "\n"
      R_BRACE@120..121 "}"
  WHITESPACE@121..122 "\n"
