SOURCE_FILE@0..57
  RULE@0..56
    RULE_KW@0..4 "rule"
    WHITESPACE@4..5 " "
    IDENTIFIER@5..9 "test"
    WHITESPACE@9..10 "\n"
    BLOCK_EXPR@10..56
      L_BRACE@10..11 "{"
      WHITESPACE@11..13 "\n\t"
      STRINGS@13..37
        STRINGS_KW@13..20 "strings"
        COLON@20..21 ":"
        WHITESPACE@21..24 "\n\t\t"
        VARIABLE_STMT@24..37
          VARIABLE@24..26 "$a"
          WHITESPACE@26..27 " "
          ASSIGN@27..28 "="
          WHITESPACE@28..29 " "
          PATTERN@29..37
            REGEX_PATTERN@29..37
              SLASH@29..30 "/"
              REGEX_LIT@30..34 "baz."
              SLASH@34..35 "/"
              REGEX_MOD@35..36
                CASE_INSENSITIVE@35..36 "i"
              REGEX_MOD@36..37
                DOT_MATCHES_ALL@36..37 "s"
      WHITESPACE@37..39 "\n\t"
      CONDITION@39..54
        CONDITION_KW@39..48 "condition"
        COLON@48..49 ":"
        WHITESPACE@49..52 "\n\t\t"
        EXPRESSION_STMT@52..54
          LITERAL@52..54
            VARIABLE@52..54 "$a"
      WHITESPACE@54..55 "\n"
      R_BRACE@55..56 "}"
  WHITESPACE@56..57 "\n"
