SOURCE_FILE@0..158
  COMMENT@0..16 "//Global comment"
  WHITESPACE@16..18 "\n\n"
  RULE@18..157
    COMMENT@18..32 "//Rule comment"
    WHITESPACE@32..33 "\n"
    RULE_KW@33..37 "rule"
    WHITESPACE@37..38 " "
    IDENTIFIER@38..42 "test"
    WHITESPACE@42..43 "\n"
    BLOCK_EXPR@43..157
      L_BRACE@43..44 "{"
      WHITESPACE@44..46 "\n\t"
      COMMENT@46..66 "//Rule block comment"
      WHITESPACE@66..69 "\n\n\t"
      STRINGS@69..121
        COMMENT@69..85 "//String comment"
        WHITESPACE@85..87 "\n\t"
        STRINGS_KW@87..94 "strings"
        COLON@94..95 ":"
        WHITESPACE@95..98 "\n\t\t"
        VARIABLE_STMT@98..108
          VARIABLE@98..100 "$a"
          WHITESPACE@100..101 " "
          ASSIGN@101..102 "="
          WHITESPACE@102..103 " "
          PATTERN@103..108
            STRING_LIT@103..108 "\"foo\""
        WHITESPACE@108..111 "\n\t\t"
        VARIABLE_STMT@111..121
          VARIABLE@111..113 "$b"
          WHITESPACE@113..114 " "
          ASSIGN@114..115 "="
          WHITESPACE@115..116 " "
          PATTERN@116..121
            STRING_LIT@116..121 "\"bar\""
      WHITESPACE@121..123 "\n\t"
      CONDITION@123..155
        CONDITION_KW@123..132 "condition"
        COLON@132..133 ":"
        WHITESPACE@133..136 "\n\t\t"
        BOOLEAN_EXPR@136..155
          BOOLEAN_EXPR@136..147
            BOOLEAN_TERM@136..138
              VARIABLE@136..138 "$a"
            WHITESPACE@138..139 " "
            AND_KW@139..142 "and"
            WHITESPACE@142..145 "\n\t\t"
            BOOLEAN_TERM@145..147
              VARIABLE@145..147 "$b"
          WHITESPACE@147..148 " "
          OR_KW@148..150 "or"
          WHITESPACE@150..151 " "
          BOOLEAN_TERM@151..155
            BOOL_LIT@151..155 "true"
      WHITESPACE@155..156 "\n"
      R_BRACE@156..157 "}"
  WHITESPACE@157..158 "\n"
