SOURCE_FILE@0..75
  RULE@0..74
    RULE_KW@0..4 "rule"
    WHITESPACE@4..5 " "
    IDENTIFIER@5..9 "test"
    WHITESPACE@9..10 "\n"
    BLOCK_EXPR@10..74
      L_BRACE@10..11 "{"
      WHITESPACE@11..13 "\n\t"
      STRINGS@13..47
        STRINGS_KW@13..20 "strings"
        COLON@20..21 ":"
        WHITESPACE@21..24 "\n\t\t"
        VARIABLE_STMT@24..34
          VARIABLE@24..26 "$a"
          WHITESPACE@26..27 " "
          ASSIGN@27..28 "="
          WHITESPACE@28..29 " "
          PATTERN@29..34
            STRING_LIT@29..34 "\"foo\""
        WHITESPACE@34..37 "\n\t\t"
        VARIABLE_STMT@37..47
          VARIABLE@37..39 "$b"
          WHITESPACE@39..40 " "
          ASSIGN@40..41 "="
          WHITESPACE@41..42 " "
          PATTERN@42..47
            STRING_LIT@42..47 "\"bar\""
      WHITESPACE@47..49 "\n\t"
      CONDITION@49..72
        CONDITION_KW@49..58 "condition"
        COLON@58..59 ":"
        WHITESPACE@59..62 "\n\t\t"
        EXPRESSION_STMT@62..72
          BOOLEAN_EXPR@62..72
            BOOLEAN_TERM@62..64
              VARIABLE@62..64 "$a"
            WHITESPACE@64..65 " "
            OR_KW@65..67 "or"
            WHITESPACE@67..70 "\n\t\t"
            BOOLEAN_EXPR@70..72
              BOOLEAN_TERM@70..72
                VARIABLE@70..72 "$b"
      WHITESPACE@72..73 "\n"
      R_BRACE@73..74 "}"
  WHITESPACE@74..75 "\n"
