SOURCE_FILE@0..142
  RULE@0..141
    COMMENT@0..14 "//Rule comment"
    WHITESPACE@14..15 "\n"
    RULE_KW@15..19 "rule"
    WHITESPACE@19..20 " "
    IDENTIFIER@20..24 "test"
    WHITESPACE@24..25 "\n"
    BLOCK_EXPR@25..141
      L_BRACE@25..26 "{"
      WHITESPACE@26..28 "\n\t"
      STRINGS@28..84
        COMMENT@28..48 "//Rule block comment"
        WHITESPACE@48..50 "\n\t"
        STRINGS_KW@50..57 "strings"
        COLON@57..58 ":"
        WHITESPACE@58..61 "\n\t\t"
        VARIABLE_STMT@61..71
          VARIABLE@61..63 "$a"
          WHITESPACE@63..64 " "
          ASSIGN@64..65 "="
          WHITESPACE@65..66 " "
          PATTERN@66..71
            STRING_LIT@66..71 "\"foo\""
        WHITESPACE@71..74 "\n\t\t"
        VARIABLE_STMT@74..84
          VARIABLE@74..76 "$b"
          WHITESPACE@76..77 " "
          ASSIGN@77..78 "="
          WHITESPACE@78..79 " "
          PATTERN@79..84
            STRING_LIT@79..84 "\"bar\""
      WHITESPACE@84..86 "\n\t"
      CONDITION@86..139
        CONDITION_KW@86..95 "condition"
        COLON@95..96 ":"
        WHITESPACE@96..99 "\n\t\t"
        EXPRESSION_STMT@99..139
          BOOLEAN_EXPR@99..139
            BOOLEAN_TERM@99..113
              VARIABLE@99..101 "$a"
              WHITESPACE@101..102 " "
              VARIABLE_ANCHOR@102..113
                IN_KW@102..104 "in"
                WHITESPACE@104..105 " "
                RANGE@105..113
                  L_PAREN@105..106 "("
                  PRIMARY_EXPR@106..107
                    INT_LIT@106..107 "0"
                  DOTDOT@107..109 ".."
                  PRIMARY_EXPR@109..112
                    INT_LIT@109..112 "100"
                  R_PAREN@112..113 ")"
            WHITESPACE@113..114 " "
            AND_KW@114..117 "and"
            WHITESPACE@117..118 " "
            BOOLEAN_EXPR@118..139
              BOOLEAN_TERM@118..139
                VARIABLE@118..120 "$b"
                WHITESPACE@120..121 " "
                VARIABLE_ANCHOR@121..139
                  IN_KW@121..123 "in"
                  WHITESPACE@123..124 " "
                  RANGE@124..139
                    L_PAREN@124..125 "("
                    PRIMARY_EXPR@125..128
                      INT_LIT@125..128 "100"
                    DOTDOT@128..130 ".."
                    PRIMARY_EXPR@130..138
                      FILESIZE_KW@130..138 "filesize"
                    R_PAREN@138..139 ")"
      WHITESPACE@139..140 "\n"
      R_BRACE@140..141 "}"
  WHITESPACE@141..142 "\n"
