SOURCE_FILE@0..132
  RULE@0..131
    COMMENT@0..14 "//Rule comment"
    WHITESPACE@14..15 "\n"
    RULE_KW@15..19 "rule"
    WHITESPACE@19..20 " "
    IDENTIFIER@20..24 "test"
    WHITESPACE@24..25 "\n"
    BLOCK_EXPR@25..131
      L_BRACE@25..26 "{"
      WHITESPACE@26..28 "\n\t"
      STRINGS@28..84
        COMMENT@28..48 "//Rule block comment"
        WHITESPACE@48..50 "\n\t"
        STRINGS_KW@50..57 "strings"
        COLON@57..58 ":"
        WHITESPACE@58..61 "\n\t\t"
        VARIABLE_STMT@61..71
          VARIABLE@61..63 "$a"
          WHITESPACE@63..64 " "
          ASSIGN@64..65 "="
          WHITESPACE@65..66 " "
          PATTERN@66..71
            STRING_LIT@66..71 "\"foo\""
        WHITESPACE@71..74 "\n\t\t"
        VARIABLE_STMT@74..84
          VARIABLE@74..76 "$b"
          WHITESPACE@76..77 " "
          ASSIGN@77..78 "="
          WHITESPACE@78..79 " "
          PATTERN@79..84
            STRING_LIT@79..84 "\"bar\""
      WHITESPACE@84..86 "\n\t"
      CONDITION@86..129
        CONDITION_KW@86..95 "condition"
        COLON@95..96 ":"
        WHITESPACE@96..99 "\n\t\t"
        BOOLEAN_TERM@99..129
          L_PAREN@99..100 "("
          BOOLEAN_TERM@100..128
            OF_EXPR@100..128
              QUANTIFIER@100..103
                ANY_KW@100..103 "any"
              WHITESPACE@103..104 " "
              OF_KW@104..106 "of"
              WHITESPACE@106..107 " "
              BOOLEAN_EXPR_TUPLE@107..128
                L_PAREN@107..108 "("
                BOOLEAN_EXPR@108..117
                  BOOLEAN_TERM@108..110
                    VARIABLE@108..110 "$a"
                  WHITESPACE@110..111 " "
                  AND_KW@111..114 "and"
                  WHITESPACE@114..115 " "
                  BOOLEAN_EXPR@115..117
                    BOOLEAN_TERM@115..117
                      VARIABLE@115..117 "$b"
                COMMA@117..118 ","
                WHITESPACE@118..119 " "
                BOOLEAN_EXPR@119..127
                  BOOLEAN_TERM@119..121
                    VARIABLE@119..121 "$b"
                  WHITESPACE@121..122 " "
                  OR_KW@122..124 "or"
                  WHITESPACE@124..125 " "
                  BOOLEAN_EXPR@125..127
                    BOOLEAN_TERM@125..127
                      VARIABLE@125..127 "$a"
                R_PAREN@127..128 ")"
          R_PAREN@128..129 ")"
      WHITESPACE@129..130 "\n"
      R_BRACE@130..131 "}"
  WHITESPACE@131..132 "\n"
