SOURCE_FILE@0..136
  RULE@0..135
    COMMENT@0..14 "//Rule comment"
    WHITESPACE@14..15 "\n"
    RULE_KW@15..19 "rule"
    WHITESPACE@19..20 " "
    IDENTIFIER@20..24 "test"
    WHITESPACE@24..25 "\n"
    BLOCK_EXPR@25..135
      L_BRACE@25..26 "{"
      WHITESPACE@26..28 "\n\t"
      STRINGS@28..84
        COMMENT@28..48 "//Rule block comment"
        WHITESPACE@48..50 "\n\t"
        STRINGS_KW@50..57 "strings"
        COLON@57..58 ":"
        WHITESPACE@58..61 "\n\t\t"
        VARIABLE_STMT@61..71
          VARIABLE@61..63 "$a"
          WHITESPACE@63..64 " "
          ASSIGN@64..65 "="
          WHITESPACE@65..66 " "
          PATTERN@66..71
            STRING_LIT@66..71 "\"foo\""
        WHITESPACE@71..74 "\n\t\t"
        VARIABLE_STMT@74..84
          VARIABLE@74..76 "$b"
          WHITESPACE@76..77 " "
          ASSIGN@77..78 "="
          WHITESPACE@78..79 " "
          PATTERN@79..84
            STRING_LIT@79..84 "\"bar\""
      WHITESPACE@84..86 "\n\t"
      CONDITION@86..133
        CONDITION_KW@86..95 "condition"
        COLON@95..96 ":"
        WHITESPACE@96..99 "\n\t\t"
        BOOLEAN_TERM@99..133
          FOR_EXPR@99..133
            FOR_KW@99..102 "for"
            WHITESPACE@102..103 " "
            QUANTIFIER@103..106
              ANY_KW@103..106 "any"
            WHITESPACE@106..107 " "
            OF_KW@107..109 "of"
            WHITESPACE@109..110 " "
            PATTERN_IDENT_TUPLE@110..117
              L_PAREN@110..111 "("
              VARIABLE_WILDCARD@111..113
                VARIABLE@111..113 "$a"
              COMMA@113..114 ","
              VARIABLE_WILDCARD@114..116
                VARIABLE@114..116 "$b"
              R_PAREN@116..117 ")"
            WHITESPACE@117..118 " "
            COLON@118..119 ":"
            WHITESPACE@119..120 " "
            L_PAREN@120..121 "("
            WHITESPACE@121..122 " "
            BOOLEAN_EXPR@122..131
              BOOLEAN_TERM@122..124
                VARIABLE@122..124 "$a"
              WHITESPACE@124..125 " "
              AND_KW@125..128 "and"
              WHITESPACE@128..129 " "
              BOOLEAN_EXPR@129..131
                BOOLEAN_TERM@129..131
                  VARIABLE@129..131 "$b"
            WHITESPACE@131..132 " "
            R_PAREN@132..133 ")"
      WHITESPACE@133..134 "\n"
      R_BRACE@134..135 "}"
  WHITESPACE@135..136 "\n"
