- SOURCE_FILE
  - RULE
    - "rule" RULE_KW
    - " " WHITESPACE
    - "test" IDENTIFIER
    - "\n" WHITESPACE
    - BLOCK_EXPR
      - "{" L_BRACE
      - "\n\t" WHITESPACE
      - STRINGS
        - "strings" STRINGS_KW
        - ":" COLON
        - "\n\t\t" WHITESPACE
        - VARIABLE_STMT
          - "$a" VARIABLE
          - " " WHITESPACE
          - "=" ASSIGN
          - " " WHITESPACE
          - STRING
            - "\"foo\"" STRING
        - "\n\t\t" WHITESPACE
        - VARIABLE_STMT
          - "$b" VARIABLE
          - " " WHITESPACE
          - "=" ASSIGN
          - " " WHITESPACE
          - STRING
            - "\"bar\"" STRING
      - "\n\t" WHITESPACE
      - CONDITION
        - "condition" CONDITION_KW
        - ":" COLON
        - "\n\t\t" WHITESPACE
        - EXPRESSION_STMT
          - EXPRESSION
            - LITERAL
              - "$a" VARIABLE
            - " " WHITESPACE
            - "or" OR_KW
            - "\n\t\t" WHITESPACE
            - LITERAL
              - "$b" VARIABLE
      - "\n" WHITESPACE
      - "}" R_BRACE
  - "\n" WHITESPACE
